// Jest Snapshot v1, https://goo.gl/fbAQLP

exports[`betterer should work when a test fails 1`] = `
Array [
  "
   \\\\ | /     _          _   _                     
 '-.ooo.-'  | |__   ___| |_| |_ ___ _ __ ___ _ __ 
---ooooo--- | '_ \\\\ / _ \\\\ __| __/ _ \\\\ '__/ _ \\\\ '__|
 .-'ooo'-.  | |_) |  __/ |_| ||  __/ | |  __/ |   
   / | \\\\    |_.__/ \\\\___|\\\\__|\\\\__\\\\___|_|  \\\\___|_|   
 ",
  " ☀️  betterer  info  💬  - ",
  "running \\"throws error\\"!",
  " ☀️  betterer  erro  🔥  - ",
  "\\"throws error\\" failed to run. 🔥",
  " ☀️  betterer  info  💬  - ",
  "0 things got checked. 🤔",
  " ☀️  betterer  erro  🔥  - ",
  "1 thing failed to run. 🔥",
]
`;

exports[`betterer should work when a test fails 2`] = `"// BETTERER RESULTS V1."`;
