// Jest Snapshot v1, https://goo.gl/fbAQLP

exports[`betterer should work when a test is the same 1`] = `
Array [
  "
   \\\\ | /     _          _   _                     
 '-.ooo.-'  | |__   ___| |_| |_ ___ _ __ ___ _ __ 
---ooooo--- | '_ \\\\ / _ \\\\ __| __/ _ \\\\ '__/ _ \\\\ '__|
 .-'ooo'-.  | |_) |  __/ |_| ||  __/ | |  __/ |   
   / | \\\\    |_.__/ \\\\___|\\\\__|\\\\__\\\\___|_|  \\\\___|_|   
 ",
  " ☀️  betterer  info  💬  - ",
  "running \\"stays the same\\"!",
  " ☀️  betterer  succ  ✅  - ",
  "\\"stays the same\\" got checked for the first time! 🎉",
  " ☀️  betterer  info  💬  - ",
  "1 thing got checked. 🤔",
  " ☀️  betterer  info  💬  - ",
  "1 thing got checked for the first time! 🎉",
  "
   \\\\ | /     _          _   _                     
 '-.ooo.-'  | |__   ___| |_| |_ ___ _ __ ___ _ __ 
---ooooo--- | '_ \\\\ / _ \\\\ __| __/ _ \\\\ '__/ _ \\\\ '__|
 .-'ooo'-.  | |_) |  __/ |_| ||  __/ | |  __/ |   
   / | \\\\    |_.__/ \\\\___|\\\\__|\\\\__\\\\___|_|  \\\\___|_|   
 ",
  " ☀️  betterer  info  💬  - ",
  "running \\"stays the same\\"!",
  " ☀️  betterer  warn  ⚠️  - ",
  "\\"stays the same\\" stayed the same. 😐",
  " ☀️  betterer  info  💬  - ",
  "1 thing got checked. 🤔",
  " ☀️  betterer  warn  ⚠️  - ",
  "1 thing stayed the same. 😐",
]
`;

exports[`betterer should work when a test is the same 2`] = `
"// BETTERER RESULTS V1.
exports[\`stays the same\`] = {
  timestamp: 0,
  value: \`0\`
};"
`;
